2026-09-08 17:42:10 === auto-push agent started (interval=15s, repo=/Users/aliva/Documents/Python_scripts/dq_agent) ===
fatal: Unable to create '/Users/aliva/Documents/Python_scripts/dq_agent/.git/index.lock': File exists.

Another git process seems to be running in this repository, e.g.
an editor opened by 'git commit'. Please make sure all processes
are terminated then try again. If it still fails, a git process
may have crashed in this repository earlier:
remove the file manually to continue.
2026-09-08 17:42:10 nothing to commit (or commit failed) — see above
fatal: Unable to create '/Users/aliva/Documents/Python_scripts/dq_agent/.git/index.lock': File exists.

Another git process seems to be running in this repository, e.g.
an editor opened by 'git commit'. Please make sure all processes
are terminated then try again. If it still fails, a git process
may have crashed in this repository earlier:
remove the file manually to continue.
2026-09-08 17:42:26 nothing to commit (or commit failed) — see above
fatal: Unable to create '/Users/aliva/Documents/Python_scripts/dq_agent/.git/index.lock': File exists.

Another git process seems to be running in this repository, e.g.
an editor opened by 'git commit'. Please make sure all processes
are terminated then try again. If it still fails, a git process
may have crashed in this repository earlier:
remove the file manually to continue.
2026-09-08 17:42:41 nothing to commit (or commit failed) — see above
fatal: Unable to create '/Users/aliva/Documents/Python_scripts/dq_agent/.git/index.lock': File exists.

Another git process seems to be running in this repository, e.g.
an editor opened by 'git commit'. Please make sure all processes
are terminated then try again. If it still fails, a git process
may have crashed in this repository earlier:
remove the file manually to continue.
2026-09-08 17:42:56 nothing to commit (or commit failed) — see above
fatal: Unable to create '/Users/aliva/Documents/Python_scripts/dq_agent/.git/index.lock': File exists.

Another git process seems to be running in this repository, e.g.
an editor opened by 'git commit'. Please make sure all processes
are terminated then try again. If it still fails, a git process
may have crashed in this repository earlier:
remove the file manually to continue.
2026-09-08 17:43:11 nothing to commit (or commit failed) — see above
fatal: Unable to create '/Users/aliva/Documents/Python_scripts/dq_agent/.git/index.lock': File exists.

Another git process seems to be running in this repository, e.g.
an editor opened by 'git commit'. Please make sure all processes
are terminated then try again. If it still fails, a git process
may have crashed in this repository earlier:
remove the file manually to continue.
2026-09-08 17:43:26 nothing to commit (or commit failed) — see above
